// Jest Snapshot v1, https://jestjs.io/docs/snapshot-testing

exports[`Spinner matches snapshot (default md size) 1`] = `
<div
  class="flex items-center justify-center py-2"
>
  <div
    aria-label="Cargando"
    class="rounded-full border-2 border-gray-200 dark:border-white/10 border-t-purple-500 dark:border-t-purple-400 animate-spin w-6 h-6"
    role="status"
  />
</div>
`;
